[2026-01-19 06:50:47] [INFO] [Core0] GUI Log Bridge Attached.
[2026-01-19 06:50:48] [INFO] [Core0] GUI Log Bridge Attached.
[2026-01-19 06:50:49] [INFO] [DigitalTwin] Alarm Manager initialized.
[2026-01-19 06:50:49] [INFO] [Core0] Digital Twin Subsystems Initialized.
[2026-01-19 06:50:49] [INFO] [Operator] [Pico 1] Connected on /dev/ttyAMA0
[2026-01-19 06:50:49] [INFO] [Operator] [Pico 2] Connected on /dev/ttyAMA2
[2026-01-19 06:50:49] [INFO] [Operator] [Pico 3] Connected on /dev/ttyAMA3
[2026-01-19 06:50:49] [INFO] [Operator] Serial Fleet Online.
[2026-01-19 06:50:49] [INFO] [Core0] Initiating Fleet Handshake...
[2026-01-19 06:50:49] [INFO] [DigitalTwin] [Twin] Limb 2 (GATEKEEPER) State: LINKED -> IDLE
[2026-01-19 06:50:49] [INFO] [DigitalTwin] [Twin] Limb 3 (DISTRIBUTOR) State: LINKED -> IDLE
[2026-01-19 06:50:49] [INFO] [Operator] [Pico 1] Version Manifest Synced: 15 items.
[2026-01-19 06:50:49] [INFO] [Telemetry] [Pico 1] [VER] Version Report: BOOT=1.02,CFG=1.02,LIB_ACT=1.05,LIB_BLDC=UNKNOWN,LIB_DIAG=1.02,LIB_LOG=1.00,LIB_MEOW=5.6,LIB_MPU=1.02,LIB_OTA=1.01,LIB_PIO=1.00,LIB_SENS=1.05,LIB_TEST=1.00,LIB_TSL=1.02,LIB_VIBE=UNKNOWN,MAIN=1.20
[2026-01-19 06:50:49] [WARNING] [AlarmManager] [PROTOTYPE] Downgrading CRITICAL alarm L1_UNDERVOLT to PAUSE (Revert to IDLE).
[2026-01-19 06:50:49] [ERROR] [AlarmManager] [ALARM] PAUSE: L1_UNDERVOLT (V=0.0)
[2026-01-19 06:50:49] [INFO] [DigitalTwin] TRANSITION: BOOT -> IDLE
[2026-01-19 06:50:50] [INFO] [Operator] [Pico 2] Version Manifest Synced: 15 items.
[2026-01-19 06:50:50] [INFO] [Telemetry] [Pico 2] [VER] Version Report: BOOT=MISSING,CFG=1.00,LIB_ACT=1.05,LIB_BLDC=UNKNOWN,LIB_DIAG=1.02,LIB_LOG=1.00,LIB_MEOW=5.6,LIB_MPU=1.02,LIB_OTA=1.01,LIB_PIO=1.01,LIB_SENS=1.04,LIB_TEST=1.00,LIB_TSL=1.02,LIB_VIBE=UNKNOWN,MAIN=1.08
[2026-01-19 06:50:50] [INFO] [Operator] [Pico 3] Version Manifest Synced: 15 items.
[2026-01-19 06:50:50] [INFO] [Telemetry] [Pico 3] [VER] Version Report: BOOT=1.01,CFG=1.10_MIRROR_FIX,LIB_ACT=1.07,LIB_BLDC=UNKNOWN,LIB_DIAG=1.02,LIB_LOG=1.00,LIB_MEOW=5.6,LIB_MPU=1.02,LIB_OTA=1.01,LIB_PIO=1.01,LIB_SENS=1.05,LIB_TEST=1.00,LIB_TSL=1.02,LIB_VIBE=UNKNOWN,MAIN=1.20
[2026-01-19 06:50:50] [INFO] [DigitalTwin] [Twin] Limb 1 (LOADER) State: LINKED -> IDLE
[2026-01-19 06:50:50] [INFO] [Core0] [Diagnostics] Scanning local file versions...
[2026-01-19 06:50:50] [INFO] [Core0] [AUDIT] [Manifest] app.py: v5.35
[2026-01-19 06:50:50] [INFO] [Core0] System Boot Complete. State: IDLE
[2026-01-19 06:50:56] [INFO] [Operator] [Pico 1] Version Manifest Synced: 15 items.
[2026-01-19 06:50:56] [INFO] [Telemetry] [Pico 1] [VER] Version Report: BOOT=1.02,CFG=1.02,LIB_ACT=1.05,LIB_BLDC=UNKNOWN,LIB_DIAG=1.02,LIB_LOG=1.00,LIB_MEOW=5.6,LIB_MPU=1.02,LIB_OTA=1.01,LIB_PIO=1.00,LIB_SENS=1.05,LIB_TEST=1.00,LIB_TSL=1.02,LIB_VIBE=UNKNOWN,MAIN=1.20
[2026-01-19 06:50:56] [INFO] [Operator] [Pico 2] Version Manifest Synced: 15 items.
[2026-01-19 06:50:56] [INFO] [Telemetry] [Pico 2] [VER] Version Report: BOOT=MISSING,CFG=1.00,LIB_ACT=1.05,LIB_BLDC=UNKNOWN,LIB_DIAG=1.02,LIB_LOG=1.00,LIB_MEOW=5.6,LIB_MPU=1.02,LIB_OTA=1.01,LIB_PIO=1.01,LIB_SENS=1.04,LIB_TEST=1.00,LIB_TSL=1.02,LIB_VIBE=UNKNOWN,MAIN=1.08
[2026-01-19 06:50:56] [INFO] [Operator] [Pico 3] Version Manifest Synced: 15 items.
[2026-01-19 06:50:56] [INFO] [Telemetry] [Pico 3] [VER] Version Report: BOOT=1.01,CFG=1.10_MIRROR_FIX,LIB_ACT=1.07,LIB_BLDC=UNKNOWN,LIB_DIAG=1.02,LIB_LOG=1.00,LIB_MEOW=5.6,LIB_MPU=1.02,LIB_OTA=1.01,LIB_PIO=1.01,LIB_SENS=1.05,LIB_TEST=1.00,LIB_TSL=1.02,LIB_VIBE=UNKNOWN,MAIN=1.20
[2026-01-19 06:56:17] [INFO] [Core0] GUI Command: DEV_TOGGLE
[2026-01-19 06:56:17] [INFO] [DigitalTwin] TRANSITION: IDLE -> DEV
[2026-01-19 06:56:30] [ERROR] [nicegui] a coroutine was expected, got None
Traceback (most recent call last):
  File "/home/joe/venvs/watcher_venv/lib/python3.11/site-packages/nicegui/events.py", line 442, in handle_event
    result = cast(Callable[[], Any], handler)()
             ^^^^^^^^^^^^^^^^^^^^^^^^^^^^^^^^^^
  File "/mnt/melek_projects/lego_sorter/watcher/w3/core0 - Commander/v7_rp5/gui.py", line 418, in <lambda>
    btn = ui.button(act_id.split('_')[-1].upper(), on_click=lambda: self._bg_task(self.coord.send_manual_command(pid, act_id, 1.0)))
                                                                    ^^^^^^^^^^^^^^^^^^^^^^^^^^^^^^^^^^^^^^^^^^^^^^^^^^^^^^^^^^^^^^^
  File "/mnt/melek_projects/lego_sorter/watcher/w3/core0 - Commander/v7_rp5/gui.py", line 88, in _bg_task
    task = asyncio.create_task(coro)
           ^^^^^^^^^^^^^^^^^^^^^^^^^
  File "/usr/lib/python3.11/asyncio/tasks.py", line 374, in create_task
    task = loop.create_task(coro)
           ^^^^^^^^^^^^^^^^^^^^^^
  File "uvloop/loop.pyx", line 1430, in uvloop.loop.Loop.create_task
TypeError: a coroutine was expected, got None
[2026-01-19 06:56:30] [DEBUG] [Core0] [DEV] Pulsing sol2 ON
[2026-01-19 06:56:30] [INFO] [Operator] [Pico 3] RTT: 21.0ms (Avg: 2.1ms) LQI: 100.0%
[2026-01-19 06:56:31] [DEBUG] [Core0] [DEV] Pulsing sol2 OFF (Fuse)
[2026-01-19 06:56:31] [INFO] [Operator] [Pico 3] RTT: 20.3ms (Avg: 3.9ms) LQI: 100.0%
[2026-01-19 06:56:33] [ERROR] [nicegui] a coroutine was expected, got None
Traceback (most recent call last):
  File "/home/joe/venvs/watcher_venv/lib/python3.11/site-packages/nicegui/events.py", line 442, in handle_event
    result = cast(Callable[[], Any], handler)()
             ^^^^^^^^^^^^^^^^^^^^^^^^^^^^^^^^^^
  File "/mnt/melek_projects/lego_sorter/watcher/w3/core0 - Commander/v7_rp5/gui.py", line 418, in <lambda>
    btn = ui.button(act_id.split('_')[-1].upper(), on_click=lambda: self._bg_task(self.coord.send_manual_command(pid, act_id, 1.0)))
                                                                    ^^^^^^^^^^^^^^^^^^^^^^^^^^^^^^^^^^^^^^^^^^^^^^^^^^^^^^^^^^^^^^^
  File "/mnt/melek_projects/lego_sorter/watcher/w3/core0 - Commander/v7_rp5/gui.py", line 88, in _bg_task
    task = asyncio.create_task(coro)
           ^^^^^^^^^^^^^^^^^^^^^^^^^
  File "/usr/lib/python3.11/asyncio/tasks.py", line 374, in create_task
    task = loop.create_task(coro)
           ^^^^^^^^^^^^^^^^^^^^^^
  File "uvloop/loop.pyx", line 1430, in uvloop.loop.Loop.create_task
TypeError: a coroutine was expected, got None
[2026-01-19 06:56:33] [DEBUG] [Core0] [DEV] Pulsing sol2 ON
[2026-01-19 06:56:33] [INFO] [Operator] [Pico 3] RTT: 21.7ms (Avg: 5.7ms) LQI: 100.0%
[2026-01-19 06:56:34] [DEBUG] [Core0] [DEV] Pulsing sol2 OFF (Fuse)
[2026-01-19 06:56:34] [INFO] [Operator] [Pico 3] RTT: 21.7ms (Avg: 7.3ms) LQI: 100.0%
[2026-01-19 06:56:37] [INFO] [Operator] [Pico 3] RTT: 21.7ms (Avg: 8.7ms) LQI: 100.0%
[2026-01-19 06:56:47] [INFO] [Core0] GUI Command: IDLE
[2026-01-19 06:56:47] [INFO] [DigitalTwin] TRANSITION: DEV -> IDLE
[2026-01-19 06:56:47] [INFO] [Operator] [Pico 2] RTT: 113.2ms (Avg: 11.3ms) LQI: 100.0%
[2026-01-19 06:56:47] [INFO] [Operator] [Pico 1] RTT: 116.6ms (Avg: 11.7ms) LQI: 100.0%
[2026-01-19 06:56:47] [INFO] [Operator] [Pico 3] RTT: 120.0ms (Avg: 19.9ms) LQI: 100.0%
[2026-01-19 06:56:51] [INFO] [Core0] GUI Command: RESET
[2026-01-19 06:56:51] [INFO] [DigitalTwin] TRANSITION: IDLE -> BOOT
[2026-01-19 06:56:56] [WARNING] [Operator] [Pico 1] SEQ SKIP: Exp 574 Got 582
[2026-01-19 06:56:56] [WARNING] [Operator] [Pico 3] SEQ SKIP: Exp 575 Got 583
[2026-01-19 06:57:00] [WARNING] [Operator] [Pico 3] NOISE DETECTED: 1 CRC Errors
[2026-01-19 06:57:00] [WARNING] [Operator] [Pico 1] NOISE DETECTED: 1 CRC Errors
[2026-01-19 06:57:00] [WARNING] [Operator] [Pico 1] SEQ SKIP: Exp 585 Got 591
[2026-01-19 06:57:01] [WARNING] [Operator] [Pico 3] SEQ SKIP: Exp 586 Got 592
[2026-01-19 06:57:03] [ERROR] [Operator] [Pico 1] Packet lost (Max Retries) Seq 574
[2026-01-19 06:57:03] [ERROR] [Operator] [Pico 2] Packet lost (Max Retries) Seq 605
[2026-01-19 06:57:03] [ERROR] [Operator] [Pico 3] Packet lost (Max Retries) Seq 575
[2026-01-19 06:57:04] [WARNING] [Operator] [Pico 1] SEQ SKIP: Exp 593 Got 597
[2026-01-19 06:57:04] [WARNING] [Operator] [Pico 3] SEQ SKIP: Exp 594 Got 598
[2026-01-19 06:58:29] [WARNING] [Operator] [Pico 2] SEQ SKIP: Exp 605 Got 794
[2026-01-19 06:58:36] [INFO] [Core0] GUI Command: IDLE
[2026-01-19 06:58:36] [INFO] [DigitalTwin] TRANSITION: BOOT -> IDLE
[2026-01-19 06:58:36] [INFO] [Operator] [Pico 2] RTT: 114.0ms (Avg: 21.6ms) LQI: 98.4%
[2026-01-19 06:58:36] [INFO] [Operator] [Pico 1] RTT: 266.0ms (Avg: 37.1ms) LQI: 95.2%
[2026-01-19 06:58:36] [INFO] [Operator] [Pico 3] RTT: 118.6ms (Avg: 29.8ms) LQI: 95.2%
[2026-01-19 06:58:37] [INFO] [Core0] GUI Command: DEV_TOGGLE
[2026-01-19 06:58:37] [INFO] [DigitalTwin] TRANSITION: IDLE -> DEV
[2026-01-19 06:58:47] [INFO] [Operator] [Pico 3] RTT: 173.1ms (Avg: 44.1ms) LQI: 95.3%
[2026-01-19 06:59:03] [INFO] [Core0] GUI Command: FETCH_CONFIG
[2026-01-19 06:59:03] [INFO] [Core0] [Operator] Requesting Configuration Dump from all Picos...
[2026-01-19 06:59:04] [INFO] [Operator] [Pico 2] Config Report (0x47) Synced: 7 items.
[2026-01-19 06:59:04] [INFO] [Operator] [Pico 1] Config Report (0x47) Synced: 7 items.
[2026-01-19 06:59:04] [INFO] [Operator] [Pico 3] Config Report (0x47) Synced: 7 items.
[2026-01-19 07:01:25] [WARNING] [Operator] [Pico 2] SEQ SKIP: Exp 867 Got 1124
[2026-01-19 07:04:43] [INFO] [Operator] [Pico 3] RTT: 22.1ms (Avg: 41.9ms) LQI: 97.3%
[2026-01-19 07:04:48] [INFO] [Operator] [Pico 3] RTT: 174.4ms (Avg: 55.1ms) LQI: 97.3%
[2026-01-19 07:05:27] [INFO] [Core0] GUI Command: IDLE
[2026-01-19 07:05:27] [INFO] [DigitalTwin] TRANSITION: DEV -> IDLE
[2026-01-19 07:05:27] [INFO] [Operator] [Pico 1] RTT: 266.3ms (Avg: 60.0ms) LQI: 97.5%
[2026-01-19 07:05:27] [INFO] [Operator] [Pico 3] RTT: 120.0ms (Avg: 61.6ms) LQI: 97.5%
[2026-01-19 07:05:27] [INFO] [Operator] [Pico 2] RTT: 125.2ms (Avg: 32.0ms) LQI: 98.1%
[2026-01-19 07:06:40] [WARNING] [Operator] [Pico 2] SEQ SKIP: Exp 1535 Got 1666
[2026-01-19 07:06:58] [WARNING] [Operator] [Pico 3] SEQ SKIP: Exp 1511 Got 1542
[2026-01-19 07:07:26] [WARNING] [Operator] [Pico 3] SEQ SKIP: Exp 1578 Got 1589
[2026-01-19 07:07:26] [INFO] [DigitalTwin] [Twin] Limb 3 (DISTRIBUTOR) State: IDLE -> GHOST
[2026-01-19 07:07:28] [WARNING] [Operator] [Pico 3] SEQ SKIP: Exp 1590 Got 1592
[2026-01-19 07:07:29] [WARNING] [Operator] [Pico 3] SEQ SKIP: Exp 1593 Got 1595
[2026-01-19 07:07:31] [WARNING] [Operator] [Pico 3] SEQ SKIP: Exp 1596 Got 1598
[2026-01-19 07:07:33] [WARNING] [Operator] [Pico 3] SEQ SKIP: Exp 1599 Got 1601
[2026-01-19 07:07:34] [WARNING] [Operator] [Pico 3] SEQ SKIP: Exp 1602 Got 1604
[2026-01-19 07:07:36] [WARNING] [Operator] [Pico 3] SEQ SKIP: Exp 1605 Got 1607
[2026-01-19 07:07:37] [WARNING] [Operator] [Pico 3] SEQ SKIP: Exp 1608 Got 1610
[2026-01-19 07:07:39] [WARNING] [Operator] [Pico 3] SEQ SKIP: Exp 1611 Got 1613
[2026-01-19 07:07:41] [WARNING] [Operator] [Pico 3] SEQ SKIP: Exp 1614 Got 1616
[2026-01-19 07:19:37] [INFO] [Core0] GUI Log Bridge Attached.
[2026-01-19 07:19:39] [INFO] [Core0] GUI Log Bridge Attached.
[2026-01-19 07:19:40] [INFO] [DigitalTwin] Alarm Manager initialized.
[2026-01-19 07:19:40] [INFO] [Core0] Digital Twin Subsystems Initialized.
[2026-01-19 07:19:40] [INFO] [Operator] [Pico 1] Connected on /dev/ttyAMA0
[2026-01-19 07:19:40] [INFO] [Operator] [Pico 2] Connected on /dev/ttyAMA2
[2026-01-19 07:19:40] [INFO] [Operator] [Pico 3] Connected on /dev/ttyAMA3
[2026-01-19 07:19:40] [INFO] [Operator] Serial Fleet Online.
[2026-01-19 07:19:40] [INFO] [Core0] Initiating Fleet Handshake...
[2026-01-19 07:19:40] [INFO] [Operator] [Pico 1] Version Manifest Synced: 15 items.
[2026-01-19 07:19:40] [INFO] [Telemetry] [Pico 1] [VER] Version Report: BOOT=1.02,CFG=1.02,LIB_ACT=1.05,LIB_BLDC=UNKNOWN,LIB_DIAG=1.02,LIB_LOG=1.00,LIB_MEOW=5.6,LIB_MPU=1.02,LIB_OTA=1.01,LIB_PIO=1.00,LIB_SENS=1.05,LIB_TEST=1.00,LIB_TSL=1.02,LIB_VIBE=UNKNOWN,MAIN=1.20
[2026-01-19 07:19:40] [WARNING] [AlarmManager] [PROTOTYPE] Downgrading CRITICAL alarm L1_UNDERVOLT to PAUSE (Revert to IDLE).
[2026-01-19 07:19:40] [ERROR] [AlarmManager] [ALARM] PAUSE: L1_UNDERVOLT (V=0.0)
[2026-01-19 07:19:40] [INFO] [DigitalTwin] TRANSITION: BOOT -> IDLE
[2026-01-19 07:19:40] [WARNING] [AlarmManager] [PROTOTYPE] Downgrading CRITICAL alarm L2_OFFLINE to PAUSE (Revert to IDLE).
[2026-01-19 07:19:40] [ERROR] [AlarmManager] [ALARM] PAUSE: L2_OFFLINE (Device Unreachable)
[2026-01-19 07:19:40] [WARNING] [AlarmManager] [PROTOTYPE] Downgrading CRITICAL alarm L3_OFFLINE to PAUSE (Revert to IDLE).
[2026-01-19 07:19:40] [ERROR] [AlarmManager] [ALARM] PAUSE: L3_OFFLINE (Device Unreachable)
[2026-01-19 07:19:40] [INFO] [Operator] [Pico 2] Version Manifest Synced: 15 items.
[2026-01-19 07:19:40] [INFO] [Telemetry] [Pico 2] [VER] Version Report: BOOT=1.01,CFG=1.00,LIB_ACT=1.05,LIB_BLDC=UNKNOWN,LIB_DIAG=1.02,LIB_LOG=1.00,LIB_MEOW=5.6,LIB_MPU=1.02,LIB_OTA=1.01,LIB_PIO=1.01,LIB_SENS=1.04,LIB_TEST=1.00,LIB_TSL=1.02,LIB_VIBE=UNKNOWN,MAIN=1.08
[2026-01-19 07:19:41] [INFO] [Operator] [Pico 3] Version Manifest Synced: 15 items.
[2026-01-19 07:19:41] [INFO] [Telemetry] [Pico 3] [VER] Version Report: BOOT=MISSING,CFG=1.10_MIRROR_FIX,LIB_ACT=1.07,LIB_BLDC=UNKNOWN,LIB_DIAG=1.02,LIB_LOG=1.00,LIB_MEOW=5.6,LIB_MPU=1.02,LIB_OTA=1.01,LIB_PIO=1.01,LIB_SENS=1.05,LIB_TEST=1.00,LIB_TSL=1.02,LIB_VIBE=UNKNOWN,MAIN=1.20
[2026-01-19 07:19:41] [WARNING] [AlarmManager] [PROTOTYPE] Downgrading CRITICAL alarm L2_UNDERVOLT to PAUSE (Revert to IDLE).
[2026-01-19 07:19:41] [ERROR] [AlarmManager] [ALARM] PAUSE: L2_UNDERVOLT (V=0.0)
[2026-01-19 07:19:41] [WARNING] [AlarmManager] [PROTOTYPE] Downgrading CRITICAL alarm L3_UNDERVOLT to PAUSE (Revert to IDLE).
[2026-01-19 07:19:41] [ERROR] [AlarmManager] [ALARM] PAUSE: L3_UNDERVOLT (V=0.0)
[2026-01-19 07:19:41] [INFO] [DigitalTwin] [Twin] Limb 1 (LOADER) State: LINKED -> IDLE
[2026-01-19 07:19:42] [INFO] [DigitalTwin] [Twin] Limb 2 (GATEKEEPER) State: LINKED -> IDLE
[2026-01-19 07:19:43] [INFO] [DigitalTwin] [Twin] Limb 3 (DISTRIBUTOR) State: LINKED -> IDLE
[2026-01-19 07:19:43] [INFO] [Core0] [Diagnostics] Scanning local file versions...
[2026-01-19 07:19:43] [INFO] [Core0] [AUDIT] [Manifest] app.py: v5.35
[2026-01-19 07:19:43] [INFO] [Core0] System Boot Complete. State: IDLE
[2026-01-19 07:19:45] [WARNING] [Operator] [Pico 2] SEQ SKIP: Exp 10 Got 11
[2026-01-19 07:19:46] [INFO] [Core0] GUI Command: DEV_TOGGLE
[2026-01-19 07:19:46] [INFO] [DigitalTwin] TRANSITION: IDLE -> DEV
[2026-01-19 07:19:49] [INFO] [Operator] [Pico 3] RTT: 172.1ms (Avg: 17.2ms) LQI: 100.0%
[2026-01-19 07:20:03] [INFO] [Core0] GUI Command: IDLE
[2026-01-19 07:20:03] [INFO] [DigitalTwin] TRANSITION: DEV -> IDLE
[2026-01-19 07:20:03] [INFO] [Operator] [Pico 1] RTT: 266.9ms (Avg: 26.7ms) LQI: 100.0%
[2026-01-19 07:20:03] [INFO] [Operator] [Pico 2] RTT: 112.2ms (Avg: 11.2ms) LQI: 75.0%
[2026-01-19 07:20:03] [INFO] [Operator] [Pico 3] RTT: 269.7ms (Avg: 42.5ms) LQI: 100.0%
[2026-01-19 07:20:47] [INFO] [Core0] GUI Command: DEV_TOGGLE
[2026-01-19 07:20:47] [INFO] [DigitalTwin] TRANSITION: IDLE -> DEV
[2026-01-19 07:20:56] [INFO] [Operator] [Pico 3] RTT: 173.4ms (Avg: 55.5ms) LQI: 100.0%
[2026-01-19 07:28:36] [INFO] [Core0] GUI Command: IDLE
[2026-01-19 07:28:36] [INFO] [DigitalTwin] TRANSITION: DEV -> IDLE
[2026-01-19 07:28:36] [INFO] [Operator] [Pico 2] RTT: 112.5ms (Avg: 21.4ms) LQI: 98.9%
[2026-01-19 07:28:36] [INFO] [Operator] [Pico 1] RTT: 116.6ms (Avg: 35.7ms) LQI: 100.0%
[2026-01-19 07:28:36] [INFO] [Operator] [Pico 3] RTT: 120.1ms (Avg: 62.0ms) LQI: 100.0%
[2026-01-19 13:34:55] [WARNING] [Operator] [Pico 2] SEQ SKIP: Exp 12336 Got 41594
[2026-01-19 13:35:43] [WARNING] [Operator] [Pico 3] SEQ SKIP: Exp 11548 Got 41022
[2026-01-19 13:36:22] [INFO] [Operator] [Pico 2] Version Manifest Synced: 15 items.
[2026-01-19 13:36:22] [INFO] [Telemetry] [Pico 2] [VER] Version Report: BOOT=1.01,CFG=1.00,LIB_ACT=1.05,LIB_BLDC=UNKNOWN,LIB_DIAG=1.02,LIB_LOG=1.00,LIB_MEOW=5.6,LIB_MPU=1.02,LIB_OTA=1.01,LIB_PIO=1.01,LIB_SENS=1.04,LIB_TEST=1.00,LIB_TSL=1.02,LIB_VIBE=UNKNOWN,MAIN=1.08
[2026-01-19 13:36:22] [INFO] [Operator] [Pico 1] Version Manifest Synced: 15 items.
[2026-01-19 13:36:22] [INFO] [Telemetry] [Pico 1] [VER] Version Report: BOOT=1.02,CFG=1.02,LIB_ACT=1.05,LIB_BLDC=UNKNOWN,LIB_DIAG=1.02,LIB_LOG=1.00,LIB_MEOW=5.6,LIB_MPU=1.02,LIB_OTA=1.01,LIB_PIO=1.00,LIB_SENS=1.05,LIB_TEST=1.00,LIB_TSL=1.02,LIB_VIBE=UNKNOWN,MAIN=1.20
[2026-01-19 13:36:22] [INFO] [Operator] [Pico 3] Version Manifest Synced: 15 items.
[2026-01-19 13:36:22] [INFO] [Telemetry] [Pico 3] [VER] Version Report: BOOT=MISSING,CFG=1.10_MIRROR_FIX,LIB_ACT=1.07,LIB_BLDC=UNKNOWN,LIB_DIAG=1.02,LIB_LOG=1.00,LIB_MEOW=5.6,LIB_MPU=1.02,LIB_OTA=1.01,LIB_PIO=1.01,LIB_SENS=1.05,LIB_TEST=1.00,LIB_TSL=1.02,LIB_VIBE=UNKNOWN,MAIN=1.20
[2026-01-19 16:55:29] [WARNING] [Operator] [Pico 3] SEQ SKIP: Exp 59830 Got 59924
[2026-01-19 16:55:56] [INFO] [Core0] GUI Log Bridge Attached.
[2026-01-19 16:55:58] [INFO] [Core0] Digital Twin Subsystems Initialized.
[2026-01-19 16:55:58] [INFO] [Operator] [Pico 1] Connected on /dev/ttyAMA0
[2026-01-19 16:55:58] [INFO] [Operator] [Pico 2] Connected on /dev/ttyAMA2
[2026-01-19 16:55:58] [INFO] [Operator] [Pico 3] Connected on /dev/ttyAMA3
[2026-01-19 16:55:58] [INFO] [Operator] Serial Fleet Online.
[2026-01-19 16:55:58] [INFO] [Core0] Initiating Fleet Handshake...
[2026-01-19 16:55:58] [WARNING] [Operator] [Pico 1] NOISE DETECTED: 1 CRC Errors
[2026-01-19 16:55:58] [WARNING] [Operator] [Pico 1] NOISE DETECTED: 1 CRC Errors
[2026-01-19 16:55:58] [INFO] [Operator] [Pico 2] Version Manifest Synced: 15 items.
[2026-01-19 16:55:58] [INFO] [Telemetry] [Pico 2] [VER] Version Report: BOOT=1.01,CFG=1.00,LIB_ACT=1.05,LIB_BLDC=UNKNOWN,LIB_DIAG=1.02,LIB_LOG=1.00,LIB_MEOW=5.6,LIB_MPU=1.02,LIB_OTA=1.01,LIB_PIO=1.01,LIB_SENS=1.04,LIB_TEST=1.00,LIB_TSL=1.02,LIB_VIBE=UNKNOWN,MAIN=1.08
[2026-01-19 16:55:58] [INFO] [Core0] [Diagnostics] Scanning local file versions...
[2026-01-19 16:55:58] [INFO] [Core0] [AUDIT] [Manifest] app.py: v5.35
[2026-01-19 16:55:58] [INFO] [Core0] System Boot Complete. State: IDLE
[2026-01-19 16:55:58] [WARNING] [Operator] [Pico 3] NOISE DETECTED: 1 CRC Errors
[2026-01-19 16:55:59] [WARNING] [Operator] [Pico 2] NOISE DETECTED: 1 CRC Errors
[2026-01-19 16:55:59] [WARNING] [Operator] [Pico 3] NOISE DETECTED: 1 CRC Errors
[2026-01-19 16:55:59] [WARNING] [Operator] [Pico 3] NOISE DETECTED: 1 CRC Errors
[2026-01-19 16:55:59] [WARNING] [Operator] [Pico 3] NOISE DETECTED: 1 CRC Errors
[2026-01-19 16:55:59] [WARNING] [Operator] [Pico 1] NOISE DETECTED: 1 CRC Errors
[2026-01-19 16:55:59] [WARNING] [Operator] [Pico 2] SEQ SKIP: Exp 61656 Got 61657
[2026-01-19 16:55:59] [WARNING] [Operator] [Pico 3] SEQ SKIP: Exp 59971 Got 59972
[2026-01-19 16:55:59] [WARNING] [Operator] [Pico 3] NOISE DETECTED: 1 CRC Errors
[2026-01-19 16:56:00] [WARNING] [Operator] [Pico 2] NOISE DETECTED: 1 CRC Errors
[2026-01-19 16:56:01] [WARNING] [Operator] [Pico 2] NOISE DETECTED: 1 CRC Errors
[2026-01-19 16:56:01] [WARNING] [Operator] [Pico 2] SEQ SKIP: Exp 61659 Got 61660
[2026-01-19 16:56:01] [WARNING] [Operator] [Pico 1] NOISE DETECTED: 1 CRC Errors
[2026-01-19 16:56:01] [WARNING] [Operator] [Pico 2] SEQ SKIP: Exp 7 Got 8
[2026-01-19 16:56:01] [WARNING] [Operator] [Pico 1] SEQ SKIP: Exp 54525 Got 54527
[2026-01-19 16:56:02] [WARNING] [Operator] [Pico 2] NOISE DETECTED: 1 CRC Errors
[2026-01-19 16:56:02] [WARNING] [Operator] [Pico 3] NOISE DETECTED: 1 CRC Errors
[2026-01-19 16:56:02] [WARNING] [Operator] [Pico 2] NOISE DETECTED: 1 CRC Errors
[2026-01-19 16:56:02] [WARNING] [Operator] [Pico 2] SEQ SKIP: Exp 9 Got 10
[2026-01-19 16:56:02] [WARNING] [Operator] [Pico 3] SEQ SKIP: Exp 9 Got 10
[2026-01-19 16:56:02] [WARNING] [Operator] [Pico 2] SEQ SKIP: Exp 61661 Got 61663
[2026-01-19 16:56:03] [WARNING] [Operator] [Pico 3] NOISE DETECTED: 1 CRC Errors
[2026-01-19 16:56:03] [WARNING] [Operator] [Pico 1] NOISE DETECTED: 1 CRC Errors
[2026-01-19 16:56:03] [WARNING] [Operator] [Pico 3] SEQ SKIP: Exp 11 Got 12
[2026-01-19 16:56:04] [WARNING] [Operator] [Pico 1] SEQ SKIP: Exp 10 Got 12
[2026-01-19 16:56:04] [WARNING] [Operator] [Pico 3] NOISE DETECTED: 1 CRC Errors
[2026-01-19 16:56:04] [WARNING] [Operator] [Pico 3] NOISE DETECTED: 1 CRC Errors
[2026-01-19 16:56:05] [WARNING] [Operator] [Pico 1] NOISE DETECTED: 1 CRC Errors
[2026-01-19 16:56:05] [WARNING] [Operator] [Pico 3] SEQ SKIP: Exp 59978 Got 59982
[2026-01-19 16:56:05] [WARNING] [Operator] [Pico 1] SEQ SKIP: Exp 54532 Got 54533
[2026-01-19 16:56:06] [WARNING] [Operator] [Pico 1] NOISE DETECTED: 1 CRC Errors
[2026-01-19 16:56:06] [WARNING] [Operator] [Pico 1] SEQ SKIP: Exp 16 Got 54535
[2026-01-19 16:56:06] [WARNING] [Operator] [Pico 1] SEQ SKIP: Exp 54536 Got 16
[2026-01-19 16:56:06] [WARNING] [Operator] [Pico 2] NOISE DETECTED: 1 CRC Errors
[2026-01-19 16:56:07] [WARNING] [Operator] [Pico 1] SEQ SKIP: Exp 54534 Got 54536
[2026-01-19 16:56:07] [WARNING] [Operator] [Pico 2] SEQ SKIP: Exp 61668 Got 61671
[2026-01-19 16:56:07] [WARNING] [Operator] [Pico 3] NOISE DETECTED: 1 CRC Errors
[2026-01-19 16:56:08] [WARNING] [Operator] [Pico 3] SEQ SKIP: Exp 18 Got 19
[2026-01-19 16:56:09] [WARNING] [Operator] [Pico 2] NOISE DETECTED: 1 CRC Errors
[2026-01-19 16:56:09] [WARNING] [Operator] [Pico 2] SEQ SKIP: Exp 20 Got 61675
[2026-01-19 16:56:09] [WARNING] [Operator] [Pico 2] SEQ SKIP: Exp 61676 Got 22
[2026-01-19 16:56:10] [WARNING] [Operator] [Pico 3] NOISE DETECTED: 1 CRC Errors
[2026-01-19 16:56:10] [WARNING] [Operator] [Pico 1] SEQ SKIP: Exp 54540 Got 54541
[2026-01-19 16:56:10] [WARNING] [Operator] [Pico 2] SEQ SKIP: Exp 61675 Got 61676
[2026-01-19 16:56:10] [WARNING] [Operator] [Pico 3] SEQ SKIP: Exp 22 Got 23
[2026-01-19 16:56:12] [WARNING] [Operator] [Pico 1] NOISE DETECTED: 1 CRC Errors
[2026-01-19 16:56:12] [WARNING] [Operator] [Pico 1] SEQ SKIP: Exp 24 Got 54545
[2026-01-19 16:56:12] [WARNING] [Operator] [Pico 1] SEQ SKIP: Exp 54546 Got 26
[2026-01-19 16:56:13] [WARNING] [Operator] [Pico 1] SEQ SKIP: Exp 54545 Got 54546
[2026-01-19 16:56:13] [WARNING] [Operator] [Pico 1] NOISE DETECTED: 1 CRC Errors
[2026-01-19 16:56:14] [WARNING] [Operator] [Pico 1] NOISE DETECTED: 1 CRC Errors
[2026-01-19 16:56:14] [WARNING] [Operator] [Pico 1] SEQ SKIP: Exp 28 Got 29
[2026-01-19 16:56:14] [WARNING] [Operator] [Pico 3] NOISE DETECTED: 1 CRC Errors
[2026-01-19 16:56:14] [WARNING] [Operator] [Pico 1] SEQ SKIP: Exp 54547 Got 54549
[2026-01-19 16:56:14] [WARNING] [Operator] [Pico 3] SEQ SKIP: Exp 29 Got 59997
[2026-01-19 16:56:14] [WARNING] [Operator] [Pico 3] SEQ SKIP: Exp 59998 Got 30
[2026-01-19 16:56:15] [WARNING] [Operator] [Pico 1] NOISE DETECTED: 1 CRC Errors
[2026-01-19 16:56:15] [WARNING] [Operator] [Pico 3] SEQ SKIP: Exp 59997 Got 59998
[2026-01-19 16:56:15] [WARNING] [Operator] [Pico 1] SEQ SKIP: Exp 30 Got 31
[2026-01-19 16:56:16] [WARNING] [Operator] [Pico 3] SEQ SKIP: Exp 32 Got 59999
[2026-01-19 16:56:16] [WARNING] [Operator] [Pico 3] SEQ SKIP: Exp 60000 Got 32
[2026-01-19 16:56:16] [WARNING] [Operator] [Pico 1] NOISE DETECTED: 1 CRC Errors
[2026-01-19 16:56:16] [WARNING] [Operator] [Pico 2] NOISE DETECTED: 1 CRC Errors
[2026-01-19 16:56:16] [WARNING] [Operator] [Pico 3] SEQ SKIP: Exp 59999 Got 60000
[2026-01-19 16:56:16] [WARNING] [Operator] [Pico 1] SEQ SKIP: Exp 32 Got 54552
[2026-01-19 16:56:16] [WARNING] [Operator] [Pico 1] SEQ SKIP: Exp 54553 Got 33
[2026-01-19 16:56:16] [WARNING] [Operator] [Pico 2] SEQ SKIP: Exp 33 Got 61687
[2026-01-19 16:56:16] [WARNING] [Operator] [Pico 2] SEQ SKIP: Exp 61688 Got 34
[2026-01-19 16:56:17] [WARNING] [Operator] [Pico 2] SEQ SKIP: Exp 61687 Got 61688
[2026-01-19 16:56:17] [WARNING] [Operator] [Pico 1] NOISE DETECTED: 1 CRC Errors
[2026-01-19 16:56:18] [WARNING] [Operator] [Pico 1] NOISE DETECTED: 1 CRC Errors
[2026-01-19 16:56:18] [WARNING] [Operator] [Pico 1] SEQ SKIP: Exp 54552 Got 54555
[2026-01-19 16:56:18] [WARNING] [Operator] [Pico 1] SEQ SKIP: Exp 35 Got 36
