[2026-01-23 06:52:09] [INFO] [Core0] GUI Log Bridge Attached.
[2026-01-23 06:52:09] [INFO] [Core0] [Safety] SafetyManager v6.8 Online. Passive Twin monitoring active.
[2026-01-23 06:52:09] [INFO] [Core0] [Logic] LogicEngine Initialized with W-Verification Logic.
[2026-01-23 06:52:09] [INFO] [Core0] [Job] JobManager Initialized with Atomic Handshake logic.
[2026-01-23 06:52:09] [INFO] [Core0] [Hub] Coordinator v6.6.0 Online. Domain authority established.
[2026-01-23 06:52:09] [INFO] [Core0] [App] Service Startup: Booting Coordinator...
[2026-01-23 06:52:09] [INFO] [Core0] [Hub] Starting System Bootstrap...
[2026-01-23 06:52:09] [DEBUG] [Operator] [Pico 1] Controller Initialized on /dev/ttyAMA0
[2026-01-23 06:52:09] [DEBUG] [Operator] [Pico 2] Controller Initialized on /dev/ttyAMA2
[2026-01-23 06:52:09] [DEBUG] [Operator] [Pico 3] Controller Initialized on /dev/ttyAMA3
[2026-01-23 06:52:09] [INFO] [Operator] [Pico 1] Physical Link Established: /dev/ttyAMA0
[2026-01-23 06:52:09] [INFO] [Operator] [Pico 2] Physical Link Established: /dev/ttyAMA2
[2026-01-23 06:52:09] [INFO] [Operator] [Pico 3] Physical Link Established: /dev/ttyAMA3
[2026-01-23 06:52:09] [INFO] [Operator] [Switchboard] Fleet Commander Online (v6.4).
[2026-01-23 06:52:15] [ERROR] [Operator] [Pico 1] Comms Timeout (Seq 3).
[2026-01-23 06:52:16] [ERROR] [Operator] [Pico 2] Comms Timeout (Seq 3).
[2026-01-23 06:52:16] [ERROR] [Operator] [Pico 3] Comms Timeout (Seq 3).
[2026-01-23 07:11:50] [INFO] [Core0] GUI Log Bridge Attached.
[2026-01-23 07:11:50] [INFO] [Core0] [Safety] SafetyManager v6.8 Online. Passive Twin monitoring active.
[2026-01-23 07:11:50] [INFO] [Core0] [Logic] LogicEngine Initialized with W-Verification Logic.
[2026-01-23 07:11:50] [INFO] [Core0] [Job] JobManager Initialized with Atomic Handshake logic.
[2026-01-23 07:11:50] [INFO] [Core0] [Hub] Coordinator v6.6.0 Online. Domain authority established.
[2026-01-23 07:11:50] [INFO] [Core0] [App] Service Startup: Booting Coordinator...
[2026-01-23 07:11:50] [INFO] [Core0] [Hub] Starting System Bootstrap...
[2026-01-23 07:11:50] [DEBUG] [Operator] [Pico 1] Controller Initialized on /dev/ttyAMA0
[2026-01-23 07:11:50] [DEBUG] [Operator] [Pico 2] Controller Initialized on /dev/ttyAMA2
[2026-01-23 07:11:50] [DEBUG] [Operator] [Pico 3] Controller Initialized on /dev/ttyAMA3
[2026-01-23 07:11:50] [INFO] [Operator] [Pico 1] Physical Link Established: /dev/ttyAMA0
[2026-01-23 07:11:50] [INFO] [Operator] [Pico 2] Physical Link Established: /dev/ttyAMA2
[2026-01-23 07:11:50] [INFO] [Operator] [Pico 3] Physical Link Established: /dev/ttyAMA3
[2026-01-23 07:11:50] [INFO] [Operator] [Switchboard] Fleet Commander Online (v6.4).
[2026-01-23 07:11:56] [ERROR] [Operator] [Pico 1] Comms Timeout (Seq 2).
[2026-01-23 07:11:56] [ERROR] [Operator] [Pico 2] Comms Timeout (Seq 1).
[2026-01-23 07:11:56] [ERROR] [Operator] [Pico 3] Comms Timeout (Seq 1).
[2026-01-23 07:12:01] [INFO] [Core0] [AUDIT] safe_mode_gui.py: v1.0
[2026-01-23 07:12:01] [INFO] [Core0] [AUDIT] machine_states.py: v5.30
[2026-01-23 07:12:01] [INFO] [Core0] [Hub] Bootstrap Complete. Global State: IDLE
[2026-01-23 07:12:01] [INFO] [Core0] [Logic] Event Processor Loop Active.
[2026-01-23 07:12:01] [ERROR] [Core0] [Safety] Watchdog Judgement Fail: 'SafetyManager' object has no attribute 'WATCHDOG_INTERVAL'
[2026-01-23 07:12:03] [ERROR] [Core0] [Safety] Watchdog Judgement Fail: 'SafetyManager' object has no attribute 'WATCHDOG_INTERVAL'
[2026-01-23 07:12:05] [ERROR] [Core0] [Safety] Watchdog Judgement Fail: 'SafetyManager' object has no attribute 'WATCHDOG_INTERVAL'
[2026-01-23 07:12:07] [ERROR] [Core0] [Safety] Watchdog Judgement Fail: 'SafetyManager' object has no attribute 'WATCHDOG_INTERVAL'
[2026-01-23 07:12:07] [ERROR] [Operator] [Pico 1] Comms Timeout (Seq 9).
[2026-01-23 07:12:07] [ERROR] [Operator] [Pico 2] Comms Timeout (Seq 8).
[2026-01-23 07:12:07] [ERROR] [Operator] [Pico 3] Comms Timeout (Seq 8).
[2026-01-23 07:12:09] [ERROR] [Core0] [Safety] Watchdog Judgement Fail: 'SafetyManager' object has no attribute 'WATCHDOG_INTERVAL'
[2026-01-23 07:17:33] [INFO] [Core0] GUI Log Bridge Attached.
[2026-01-23 07:17:33] [INFO] [Core0] [Safety] SafetyManager v6.8 Online. Passive Twin monitoring active.
[2026-01-23 07:17:33] [INFO] [Core0] [Logic] LogicEngine Initialized with W-Verification Logic.
[2026-01-23 07:17:33] [INFO] [Core0] [Job] JobManager Initialized with Atomic Handshake logic.
[2026-01-23 07:17:33] [INFO] [Core0] [Hub] Coordinator v6.6.0 Online. Domain authority established.
[2026-01-23 07:17:33] [INFO] [Core0] [App] Service Startup: Booting Coordinator...
[2026-01-23 07:17:33] [INFO] [Core0] [Hub] Starting System Bootstrap...
[2026-01-23 07:17:33] [DEBUG] [Operator] [Pico 1] Controller Initialized on /dev/ttyAMA0
[2026-01-23 07:17:33] [DEBUG] [Operator] [Pico 2] Controller Initialized on /dev/ttyAMA2
[2026-01-23 07:17:33] [DEBUG] [Operator] [Pico 3] Controller Initialized on /dev/ttyAMA3
[2026-01-23 07:17:33] [INFO] [Operator] [Pico 1] Physical Link Established: /dev/ttyAMA0
[2026-01-23 07:17:33] [INFO] [Operator] [Pico 2] Physical Link Established: /dev/ttyAMA2
[2026-01-23 07:17:33] [INFO] [Operator] [Pico 3] Physical Link Established: /dev/ttyAMA3
[2026-01-23 07:17:33] [INFO] [Operator] [Switchboard] Fleet Commander Online (v6.4).
[2026-01-23 07:17:39] [ERROR] [Operator] [Pico 1] Comms Timeout (Seq 3).
[2026-01-23 07:17:40] [ERROR] [Operator] [Pico 2] Comms Timeout (Seq 3).
[2026-01-23 07:17:40] [ERROR] [Operator] [Pico 3] Comms Timeout (Seq 3).
[2026-01-23 07:17:44] [INFO] [Core0] [AUDIT] safe_mode_gui.py: v1.0
[2026-01-23 07:17:44] [INFO] [Core0] [AUDIT] machine_states.py: v5.30
[2026-01-23 07:17:44] [INFO] [Core0] [Hub] Bootstrap Complete. Global State: IDLE
[2026-01-23 07:17:44] [INFO] [Core0] [Logic] Event Processor Loop Active.
[2026-01-23 07:17:50] [ERROR] [Operator] [Pico 1] Comms Timeout (Seq 9).
[2026-01-23 07:17:50] [ERROR] [Operator] [Pico 2] Comms Timeout (Seq 9).
[2026-01-23 07:17:50] [ERROR] [Operator] [Pico 3] Comms Timeout (Seq 9).
[2026-01-23 07:23:37] [INFO] [Core0] [Hub] Routing GUI Intent: START
[2026-01-23 07:23:37] [ERROR] [Core0] [Safety] ARMING BLOCKED: Ghost Node detected.
[2026-01-23 07:23:47] [INFO] [Core0] [Hub] Routing GUI Intent: IDLE
[2026-01-23 07:23:49] [INFO] [Core0] [Hub] Routing GUI Intent: DEV_TOGGLE
[2026-01-23 07:23:51] [INFO] [Core0] [Hub] Routing GUI Intent: IDLE
[2026-01-23 07:23:53] [ERROR] [Operator] [Pico 1] Comms Timeout (Seq 190).
[2026-01-23 07:23:53] [ERROR] [Operator] [Pico 2] Comms Timeout (Seq 190).
[2026-01-23 07:23:53] [ERROR] [Operator] [Pico 3] Comms Timeout (Seq 190).
[2026-01-23 07:23:57] [ERROR] [Operator] [Pico 1] Comms Timeout (Seq 192).
[2026-01-23 07:23:57] [ERROR] [Operator] [Pico 2] Comms Timeout (Seq 192).
[2026-01-23 07:23:57] [ERROR] [Operator] [Pico 3] Comms Timeout (Seq 192).
[2026-01-23 07:27:39] [ERROR] [Operator] [Pico 1] Comms Timeout (Seq 304).
[2026-01-23 07:27:39] [ERROR] [Operator] [Pico 2] Comms Timeout (Seq 304).
[2026-01-23 07:27:39] [ERROR] [Operator] [Pico 3] Comms Timeout (Seq 304).
[2026-01-23 07:38:08] [INFO] [Core0] GUI Log Bridge Attached.
[2026-01-23 07:38:08] [INFO] [Core0] [Safety] SafetyManager v6.8.3 Online. Aggressive Watchdog Active.
[2026-01-23 07:38:08] [INFO] [Core0] [Safety] SafetyManager v6.8.3 Online. Aggressive Watchdog Active.
[2026-01-23 07:38:08] [INFO] [Core0] [Logic] LogicEngine Initialized with W-Verification Logic.
[2026-01-23 07:38:08] [INFO] [Core0] [Job] JobManager Initialized with Atomic Handshake logic.
[2026-01-23 07:38:08] [INFO] [Core0] [Hub] Coordinator v6.6.1 Online. Domain authority established.
[2026-01-23 07:38:08] [INFO] [Core0] [App] Service Startup: Booting Coordinator...
[2026-01-23 07:38:08] [INFO] [Core0] [Hub] Starting System Bootstrap...
[2026-01-23 07:38:08] [DEBUG] [Operator] [Pico 1] Controller Initialized on /dev/ttyAMA0
[2026-01-23 07:38:08] [DEBUG] [Operator] [Pico 2] Controller Initialized on /dev/ttyAMA2
[2026-01-23 07:38:08] [DEBUG] [Operator] [Pico 3] Controller Initialized on /dev/ttyAMA3
[2026-01-23 07:38:08] [INFO] [Operator] [Pico 1] Physical Link Established: /dev/ttyAMA0
[2026-01-23 07:38:08] [INFO] [Operator] [Pico 2] Physical Link Established: /dev/ttyAMA2
[2026-01-23 07:38:08] [INFO] [Operator] [Pico 3] Physical Link Established: /dev/ttyAMA3
[2026-01-23 07:38:08] [INFO] [Operator] [Switchboard] Fleet Commander Online (v6.4).
[2026-01-23 07:38:14] [ERROR] [Operator] [Pico 1] Comms Timeout (Seq 3).
[2026-01-23 07:38:15] [ERROR] [Operator] [Pico 2] Comms Timeout (Seq 3).
[2026-01-23 07:38:15] [ERROR] [Operator] [Pico 3] Comms Timeout (Seq 3).
[2026-01-23 07:38:19] [INFO] [Core0] [AUDIT] safe_mode_gui.py: v1.0
[2026-01-23 07:38:19] [INFO] [Core0] [AUDIT] machine_states.py: v5.30
[2026-01-23 07:38:19] [INFO] [Core0] [Hub] Bootstrap Complete. Global State: IDLE
[2026-01-23 07:38:19] [INFO] [Core0] [Logic] Event Processor Loop Active.
[2026-01-23 07:38:19] [CRITICAL] [Core0] [Safety] WATCHDOG: P1 is MISSING from fleet.
[2026-01-23 07:38:19] [CRITICAL] [Core0] [Safety] WATCHDOG: P2 is MISSING from fleet.
[2026-01-23 07:38:19] [CRITICAL] [Core0] [Safety] WATCHDOG: P3 is MISSING from fleet.
[2026-01-23 07:38:19] [ERROR] [Core0] [Hub] Alarm Loop Error: 'AlarmManager' object has no attribute 'check_health'
[2026-01-23 07:38:19] [CRITICAL] [Core0] [Safety] CRITICAL: Fault detected. Executing Broadcast Stop.
[2026-01-23 07:38:19] [CRITICAL] [Core0] [Hub] PRIORITY BROADCAST STOP EXECUTED.
[2026-01-23 07:38:19] [CRITICAL] [Core0] [Safety] WATCHDOG: P1 is MISSING from fleet.
[2026-01-23 07:38:19] [CRITICAL] [Core0] [Safety] WATCHDOG: P2 is MISSING from fleet.
[2026-01-23 07:38:19] [CRITICAL] [Core0] [Safety] WATCHDOG: P3 is MISSING from fleet.
[2026-01-23 07:38:20] [ERROR] [Core0] [Hub] Alarm Loop Error: 'AlarmManager' object has no attribute 'check_health'
[2026-01-23 07:38:20] [CRITICAL] [Core0] [Safety] WATCHDOG: P1 is MISSING from fleet.
[2026-01-23 07:38:20] [CRITICAL] [Core0] [Safety] WATCHDOG: P2 is MISSING from fleet.
[2026-01-23 07:38:20] [CRITICAL] [Core0] [Safety] WATCHDOG: P3 is MISSING from fleet.
[2026-01-23 07:38:20] [CRITICAL] [Core0] [Safety] WATCHDOG: P1 is MISSING from fleet.
[2026-01-23 07:38:20] [CRITICAL] [Core0] [Safety] WATCHDOG: P2 is MISSING from fleet.
[2026-01-23 07:38:20] [CRITICAL] [Core0] [Safety] WATCHDOG: P3 is MISSING from fleet.
[2026-01-23 07:38:21] [ERROR] [Core0] [Hub] Alarm Loop Error: 'AlarmManager' object has no attribute 'check_health'
[2026-01-23 07:38:21] [CRITICAL] [Core0] [Safety] WATCHDOG: P1 is MISSING from fleet.
[2026-01-23 07:38:21] [CRITICAL] [Core0] [Safety] WATCHDOG: P2 is MISSING from fleet.
[2026-01-23 07:38:21] [CRITICAL] [Core0] [Safety] WATCHDOG: P3 is MISSING from fleet.
[2026-01-23 07:38:21] [CRITICAL] [Core0] [Safety] WATCHDOG: P1 is MISSING from fleet.
[2026-01-23 07:38:21] [CRITICAL] [Core0] [Safety] WATCHDOG: P2 is MISSING from fleet.
[2026-01-23 07:38:21] [CRITICAL] [Core0] [Safety] WATCHDOG: P3 is MISSING from fleet.
[2026-01-23 07:38:22] [ERROR] [Core0] [Hub] Alarm Loop Error: 'AlarmManager' object has no attribute 'check_health'
[2026-01-23 07:38:22] [CRITICAL] [Core0] [Safety] WATCHDOG: P1 is MISSING from fleet.
[2026-01-23 07:38:22] [CRITICAL] [Core0] [Safety] WATCHDOG: P2 is MISSING from fleet.
[2026-01-23 07:38:22] [CRITICAL] [Core0] [Safety] WATCHDOG: P3 is MISSING from fleet.
[2026-01-23 07:57:32] [INFO] [Core0] GUI Log Bridge Attached.
[2026-01-23 07:57:32] [INFO] [Core0] [Safety] SafetyManager v6.8.3 Online. Aggressive Watchdog Active.
[2026-01-23 07:57:32] [INFO] [Core0] [Logic] LogicEngine Initialized with W-Verification Logic.
[2026-01-23 07:57:32] [INFO] [Core0] [Job] JobManager Initialized with Atomic Handshake logic.
[2026-01-23 07:57:32] [INFO] [Core0] [Hub] Coordinator v6.6.1 Online. Domain authority established.
[2026-01-23 07:57:32] [INFO] [Core0] [App] Service Startup: Booting Coordinator...
[2026-01-23 07:57:32] [INFO] [Core0] [Hub] Starting System Bootstrap...
[2026-01-23 07:57:32] [DEBUG] [Operator] [Pico 1] Controller Initialized on /dev/ttyAMA0
[2026-01-23 07:57:32] [DEBUG] [Operator] [Pico 2] Controller Initialized on /dev/ttyAMA2
[2026-01-23 07:57:32] [DEBUG] [Operator] [Pico 3] Controller Initialized on /dev/ttyAMA3
[2026-01-23 07:57:32] [INFO] [Operator] [Pico 1] Physical Link Established: /dev/ttyAMA0
[2026-01-23 07:57:32] [INFO] [Operator] [Pico 2] Physical Link Established: /dev/ttyAMA2
[2026-01-23 07:57:32] [INFO] [Operator] [Pico 3] Physical Link Established: /dev/ttyAMA3
[2026-01-23 07:57:32] [INFO] [Operator] [Switchboard] Fleet Commander Online (v6.4).
[2026-01-23 07:57:39] [ERROR] [Operator] [Pico 1] Comms Timeout (Seq 3).
[2026-01-23 07:57:39] [ERROR] [Operator] [Pico 2] Comms Timeout (Seq 3).
[2026-01-23 07:57:39] [ERROR] [Operator] [Pico 3] Comms Timeout (Seq 3).
[2026-01-23 07:57:43] [INFO] [Core0] [AUDIT] safe_mode_gui.py: v1.0
[2026-01-23 07:57:43] [INFO] [Core0] [AUDIT] machine_states.py: v5.30
[2026-01-23 07:57:43] [INFO] [Core0] [Hub] Bootstrap Complete. Global State: IDLE
[2026-01-23 07:57:43] [INFO] [Core0] [Logic] Event Processor Loop Active.
[2026-01-23 07:57:43] [CRITICAL] [Core0] [Safety] WATCHDOG: P1 is MISSING from fleet.
[2026-01-23 07:57:43] [CRITICAL] [Core0] [Safety] WATCHDOG: P2 is MISSING from fleet.
[2026-01-23 07:57:43] [CRITICAL] [Core0] [Safety] WATCHDOG: P3 is MISSING from fleet.
[2026-01-23 07:57:43] [CRITICAL] [AlarmManager] [CRITICAL] L1_OFFLINE: Heartbeat Lost
[2026-01-23 07:57:43] [CRITICAL] [AlarmManager] [CRITICAL] L2_OFFLINE: Heartbeat Lost
[2026-01-23 07:57:43] [CRITICAL] [AlarmManager] [CRITICAL] L3_OFFLINE: Heartbeat Lost
[2026-01-23 07:57:43] [CRITICAL] [Core0] [Safety] CRITICAL: Fault detected. Executing Broadcast Stop.
[2026-01-23 07:57:43] [CRITICAL] [Core0] [Hub] PRIORITY BROADCAST STOP EXECUTED.
[2026-01-23 07:57:44] [CRITICAL] [Core0] [Safety] WATCHDOG: P1 is MISSING from fleet.
[2026-01-23 07:57:44] [CRITICAL] [Core0] [Safety] WATCHDOG: P2 is MISSING from fleet.
[2026-01-23 07:57:44] [CRITICAL] [Core0] [Safety] WATCHDOG: P3 is MISSING from fleet.
[2026-01-23 07:57:44] [CRITICAL] [Core0] [Safety] WATCHDOG: P1 is MISSING from fleet.
[2026-01-23 07:57:44] [CRITICAL] [Core0] [Safety] WATCHDOG: P2 is MISSING from fleet.
[2026-01-23 07:57:44] [CRITICAL] [Core0] [Safety] WATCHDOG: P3 is MISSING from fleet.
[2026-01-23 07:57:45] [CRITICAL] [Core0] [Safety] WATCHDOG: P1 is MISSING from fleet.
[2026-01-23 07:57:45] [CRITICAL] [Core0] [Safety] WATCHDOG: P2 is MISSING from fleet.
[2026-01-23 07:57:45] [CRITICAL] [Core0] [Safety] WATCHDOG: P3 is MISSING from fleet.
[2026-01-23 07:57:45] [CRITICAL] [Core0] [Safety] WATCHDOG: P1 is MISSING from fleet.
[2026-01-23 07:57:45] [CRITICAL] [Core0] [Safety] WATCHDOG: P2 is MISSING from fleet.
[2026-01-23 07:57:45] [CRITICAL] [Core0] [Safety] WATCHDOG: P3 is MISSING from fleet.
[2026-01-23 07:57:46] [CRITICAL] [Core0] [Safety] WATCHDOG: P1 is MISSING from fleet.
[2026-01-23 07:57:46] [CRITICAL] [Core0] [Safety] WATCHDOG: P2 is MISSING from fleet.
[2026-01-23 07:57:46] [CRITICAL] [Core0] [Safety] WATCHDOG: P3 is MISSING from fleet.
[2026-01-23 07:57:46] [CRITICAL] [Core0] [Safety] WATCHDOG: P1 is MISSING from fleet.
[2026-01-23 07:57:46] [CRITICAL] [Core0] [Safety] WATCHDOG: P2 is MISSING from fleet.
[2026-01-23 07:57:46] [CRITICAL] [Core0] [Safety] WATCHDOG: P3 is MISSING from fleet.
[2026-01-23 07:57:47] [CRITICAL] [Core0] [Safety] WATCHDOG: P1 is MISSING from fleet.
[2026-01-23 07:57:47] [CRITICAL] [Core0] [Safety] WATCHDOG: P2 is MISSING from fleet.
[2026-01-23 07:57:47] [CRITICAL] [Core0] [Safety] WATCHDOG: P3 is MISSING from fleet.
[2026-01-23 07:57:47] [CRITICAL] [Core0] [Safety] WATCHDOG: P1 is MISSING from fleet.
[2026-01-23 07:57:47] [CRITICAL] [Core0] [Safety] WATCHDOG: P2 is MISSING from fleet.
[2026-01-23 07:57:47] [CRITICAL] [Core0] [Safety] WATCHDOG: P3 is MISSING from fleet.
[2026-01-23 07:57:48] [CRITICAL] [Core0] [Safety] WATCHDOG: P1 is MISSING from fleet.
[2026-01-23 07:57:48] [CRITICAL] [Core0] [Safety] WATCHDOG: P2 is MISSING from fleet.
[2026-01-23 07:57:48] [CRITICAL] [Core0] [Safety] WATCHDOG: P3 is MISSING from fleet.
[2026-01-23 07:57:48] [CRITICAL] [Core0] [Safety] WATCHDOG: P1 is MISSING from fleet.
[2026-01-23 07:57:48] [CRITICAL] [Core0] [Safety] WATCHDOG: P2 is MISSING from fleet.
[2026-01-23 07:57:48] [CRITICAL] [Core0] [Safety] WATCHDOG: P3 is MISSING from fleet.
[2026-01-23 07:57:49] [CRITICAL] [Core0] [Safety] WATCHDOG: P1 is MISSING from fleet.
[2026-01-23 07:57:49] [CRITICAL] [Core0] [Safety] WATCHDOG: P2 is MISSING from fleet.
[2026-01-23 07:57:49] [CRITICAL] [Core0] [Safety] WATCHDOG: P3 is MISSING from fleet.
[2026-01-23 07:57:49] [CRITICAL] [Core0] [Safety] WATCHDOG: P1 is MISSING from fleet.
[2026-01-23 07:57:49] [CRITICAL] [Core0] [Safety] WATCHDOG: P2 is MISSING from fleet.
[2026-01-23 07:57:49] [CRITICAL] [Core0] [Safety] WATCHDOG: P3 is MISSING from fleet.
[2026-01-23 07:57:49] [ERROR] [Operator] [Pico 1] Comms Timeout (Seq 8).
[2026-01-23 07:57:49] [ERROR] [Operator] [Pico 2] Comms Timeout (Seq 8).
[2026-01-23 07:57:49] [ERROR] [Operator] [Pico 3] Comms Timeout (Seq 8).
[2026-01-23 07:57:50] [CRITICAL] [Core0] [Safety] WATCHDOG: P1 is MISSING from fleet.
[2026-01-23 07:57:50] [CRITICAL] [Core0] [Safety] WATCHDOG: P2 is MISSING from fleet.
[2026-01-23 07:57:50] [CRITICAL] [Core0] [Safety] WATCHDOG: P3 is MISSING from fleet.
[2026-01-23 07:57:50] [CRITICAL] [Core0] [Safety] WATCHDOG: P1 is MISSING from fleet.
[2026-01-23 07:57:50] [CRITICAL] [Core0] [Safety] WATCHDOG: P2 is MISSING from fleet.
[2026-01-23 07:57:50] [CRITICAL] [Core0] [Safety] WATCHDOG: P3 is MISSING from fleet.
[2026-01-23 07:57:51] [CRITICAL] [Core0] [Safety] WATCHDOG: P1 is MISSING from fleet.
[2026-01-23 07:57:51] [CRITICAL] [Core0] [Safety] WATCHDOG: P2 is MISSING from fleet.
[2026-01-23 07:57:51] [CRITICAL] [Core0] [Safety] WATCHDOG: P3 is MISSING from fleet.
[2026-01-23 07:57:51] [CRITICAL] [Core0] [Safety] WATCHDOG: P1 is MISSING from fleet.
[2026-01-23 07:57:51] [CRITICAL] [Core0] [Safety] WATCHDOG: P2 is MISSING from fleet.
[2026-01-23 07:57:51] [CRITICAL] [Core0] [Safety] WATCHDOG: P3 is MISSING from fleet.
[2026-01-23 07:57:52] [CRITICAL] [Core0] [Safety] WATCHDOG: P1 is MISSING from fleet.
[2026-01-23 07:57:52] [CRITICAL] [Core0] [Safety] WATCHDOG: P2 is MISSING from fleet.
[2026-01-23 07:57:52] [CRITICAL] [Core0] [Safety] WATCHDOG: P3 is MISSING from fleet.
[2026-01-23 07:57:52] [CRITICAL] [Core0] [Safety] WATCHDOG: P1 is MISSING from fleet.
[2026-01-23 07:57:52] [CRITICAL] [Core0] [Safety] WATCHDOG: P2 is MISSING from fleet.
[2026-01-23 07:57:52] [CRITICAL] [Core0] [Safety] WATCHDOG: P3 is MISSING from fleet.
[2026-01-23 07:57:53] [CRITICAL] [Core0] [Safety] WATCHDOG: P1 is MISSING from fleet.
[2026-01-23 07:57:53] [CRITICAL] [Core0] [Safety] WATCHDOG: P2 is MISSING from fleet.
[2026-01-23 07:57:53] [CRITICAL] [Core0] [Safety] WATCHDOG: P3 is MISSING from fleet.
[2026-01-23 07:57:53] [CRITICAL] [Core0] [Safety] WATCHDOG: P1 is MISSING from fleet.
[2026-01-23 07:57:53] [CRITICAL] [Core0] [Safety] WATCHDOG: P2 is MISSING from fleet.
[2026-01-23 07:57:53] [CRITICAL] [Core0] [Safety] WATCHDOG: P3 is MISSING from fleet.
[2026-01-23 07:57:54] [CRITICAL] [Core0] [Safety] WATCHDOG: P1 is MISSING from fleet.
[2026-01-23 07:57:54] [CRITICAL] [Core0] [Safety] WATCHDOG: P2 is MISSING from fleet.
[2026-01-23 07:57:54] [CRITICAL] [Core0] [Safety] WATCHDOG: P3 is MISSING from fleet.
[2026-01-23 07:57:54] [CRITICAL] [Core0] [Safety] WATCHDOG: P1 is MISSING from fleet.
[2026-01-23 07:57:54] [CRITICAL] [Core0] [Safety] WATCHDOG: P2 is MISSING from fleet.
[2026-01-23 07:57:54] [CRITICAL] [Core0] [Safety] WATCHDOG: P3 is MISSING from fleet.
